

Mon Jul  8 08:41:05 2024
Command line: TestDisk

TestDisk 7.1, Data Recovery Utility, July 2019
Christophe GRENIER <grenier@cgsecurity.org>
https://www.cgsecurity.org
OS: Linux, kernel 5.4.0-177-generic (#197-Ubuntu SMP Thu Mar 28 22:45:47 UTC 2024) x86_64
Compiler: GCC 9.2
ext2fs lib: 1.45.5, ntfs lib: libntfs-3g, reiserfs lib: none, ewf lib: none, curses lib: ncurses 6.1
Warning: can't get size for Disk /dev/mapper/control - 0 B - 0 sectors, sector size=512
Warning: can't get size for Disk /dev/loop0 - 0 B - 0 sectors (RO), sector size=512
Warning: can't get size for Disk /dev/loop9 - 0 B - 0 sectors, sector size=512
Hard disk list
Disk /dev/sda - 214 GB / 200 GiB - CHS 26108 255 63, sector size=512 - QEMU QEMU HARDDISK, FW:2.5+
Disk /dev/loop1 - 1810 KB / 1768 KiB - 3536 sectors (RO), sector size=512
Disk /dev/loop2 - 40 MB / 38 MiB - 79520 sectors (RO), sector size=512
Disk /dev/loop3 - 77 MB / 74 MiB - 151992 sectors (RO), sector size=512
Disk /dev/loop4 - 77 MB / 74 MiB - 152040 sectors (RO), sector size=512
Disk /dev/loop5 - 67 MB / 63 MiB - 130960 sectors (RO), sector size=512
Disk /dev/loop6 - 1810 KB / 1768 KiB - 3536 sectors (RO), sector size=512
Disk /dev/loop7 - 40 MB / 38 MiB - 79328 sectors (RO), sector size=512
Disk /dev/loop8 - 67 MB / 63 MiB - 130960 sectors (RO), sector size=512

Partition table type (auto): EFI GPT
Disk /dev/sda - 214 GB / 200 GiB - QEMU QEMU HARDDISK
Partition table type: EFI GPT

Interface Advanced
hdr_size=92
hdr_lba_self=1
hdr_lba_alt=419430399 (expected 419430399)
hdr_lba_start=34
hdr_lba_end=419430366
hdr_lba_table=2
hdr_entries=128
hdr_entsz=128
21686148 6449 6e6f 74 4e 65 65 64 45 46 49
21686148 6449 6e6f 74 4e 65 65 64 45 46 49
 1 P Unknown                     2048       4095       2048 [primary]
 2 P Linux filesys. data         4096    4194303    4190208 [primary]
 3 P Linux filesys. data      4194304  419428351  415234048 [primary]
21686148 6449 6e6f 74 4e 65 65 64 45 46 49
21686148 6449 6e6f 74 4e 65 65 64 45 46 49
21686148 6449 6e6f 74 4e 65 65 64 45 46 49
21686148 6449 6e6f 74 4e 65 65 64 45 46 49
21686148 6449 6e6f 74 4e 65 65 64 45 46 49
SIGHUP detected! TestDisk has been killed.
e6f 74 4e 65 65 64 45 46 49
21686148 6449 6e6f 74 4e 65 65 64 45 46 49
21686148 6449 6e6f 74 4e 65 65 64 45 46 49
21686148 6449 6e6f 74 4e 65 65 64 45 46 49
21686148 6449 6e6f 74 4e 65 65 64 45 46 49
Partition table type defaults to Intel
Media is opened in read-only.
Partition table type defaults to Intel
Media is opened in read-only.
Partition table type defaults to Intel
Media is opened in read-only.
SIGHUP detected! TestDisk has been killed.
